I, [2023-04-12T14:06:48.178654 #7]  INFO -- : worker=1 spawned pid=7
I, [2023-04-12T14:06:48.179921 #1]  INFO -- : worker=3 spawning...
I, [2023-04-12T14:06:48.183397 #1]  INFO -- : worker=4 spawning...
I, [2023-04-12T14:06:48.184266 #9]  INFO -- : worker=3 spawned pid=9
I, [2023-04-12T14:06:48.185404 #9]  INFO -- : Refreshing Gem list
I, [2023-04-12T14:06:48.181471 #8]  INFO -- : worker=2 spawned pid=8
I, [2023-04-12T14:06:48.181464 #7]  INFO -- : Refreshing Gem list
I, [2023-04-12T14:06:48.186595 #1]  INFO -- : worker=5 spawning...
I, [2023-04-12T14:06:48.187141 #8]  INFO -- : Refreshing Gem list
I, [2023-04-12T14:06:48.187852 #10]  INFO -- : worker=4 spawned pid=10
I, [2023-04-12T14:06:48.192322 #10]  INFO -- : Refreshing Gem list
I, [2023-04-12T14:06:48.197602 #1]  INFO -- : worker=6 spawning...
I, [2023-04-12T14:06:48.198253 #11]  INFO -- : worker=5 spawned pid=11
I, [2023-04-12T14:06:48.206225 #11]  INFO -- : Refreshing Gem list
I, [2023-04-12T14:06:48.205073 #1]  INFO -- : worker=7 spawning...
I, [2023-04-12T14:06:48.215932 #1]  INFO -- : master process ready
I, [2023-04-12T14:06:48.208703 #12]  INFO -- : worker=6 spawned pid=12
I, [2023-04-12T14:06:48.245820 #12]  INFO -- : Refreshing Gem list
I, [2023-04-12T14:06:48.219294 #13]  INFO -- : worker=7 spawned pid=13
I, [2023-04-12T14:06:48.250498 #13]  INFO -- : Refreshing Gem list
I, [2023-04-12T14:08:12.770765 #7]  INFO -- : worker=1 ready
I, [2023-04-12T14:08:12.821020 #10]  INFO -- : worker=4 ready
I, [2023-04-12T14:08:12.980277 #13]  INFO -- : worker=7 ready
I, [2023-04-12T14:08:13.056286 #6]  INFO -- : worker=0 ready
I, [2023-04-12T14:08:13.069597 #8]  INFO -- : worker=2 ready
I, [2023-04-12T14:08:13.073229 #12]  INFO -- : worker=6 ready
I, [2023-04-12T14:08:13.102320 #9]  INFO -- : worker=3 ready
I, [2023-04-12T14:08:13.102483 #11]  INFO -- : worker=5 ready
192.168.240.1 - - [12/Apr/2023:14:09:33 +0900] "GET / HTTP/1.1" 304 - 0.1665
E, [2023-04-12T14:10:34.362559 #1] ERROR -- : worker=1 PID:7 timeout (61s > 60s), killing
E, [2023-04-12T14:10:34.882040 #1] ERROR -- : reaped #<Process::Status: pid 7 SIGKILL (signal 9)> worker=1
I, [2023-04-12T14:10:34.887849 #1]  INFO -- : worker=1 spawning...
I, [2023-04-12T14:10:34.908397 #92]  INFO -- : worker=1 spawned pid=92
I, [2023-04-12T14:10:34.917822 #92]  INFO -- : Refreshing Gem list
I, [2023-04-12T14:10:40.220230 #92]  INFO -- : worker=1 ready
I, [2023-04-12T14:11:52.556177 #1]  INFO -- : reaped #<Process::Status: pid 6 exit 0> worker=0
I, [2023-04-12T14:11:52.592287 #1]  INFO -- : reaped #<Process::Status: pid 92 exit 0> worker=1
I, [2023-04-12T14:11:52.797225 #1]  INFO -- : reaped #<Process::Status: pid 8 exit 0> worker=2
I, [2023-04-12T14:11:52.799296 #1]  INFO -- : reaped #<Process::Status: pid 11 exit 0> worker=5
I, [2023-04-12T14:11:52.800876 #1]  INFO -- : reaped #<Process::Status: pid 12 exit 0> worker=6
I, [2023-04-12T14:11:52.802217 #1]  INFO -- : reaped #<Process::Status: pid 13 exit 0> worker=7
I, [2023-04-12T14:11:52.905156 #1]  INFO -- : reaped #<Process::Status: pid 9 exit 0> worker=3
I, [2023-04-12T14:11:52.906777 #1]  INFO -- : reaped #<Process::Status: pid 10 exit 0> worker=4
I, [2023-04-12T14:11:52.908037 #1]  INFO -- : master complete
I, [2023-04-12T14:24:07.819335 #1]  INFO -- : listening on addr=/var/tmp/unicorn.sock fd=7
I, [2023-04-12T14:24:07.868133 #1]  INFO -- : listening on addr=0.0.0.0:3000 fd=8
I, [2023-04-12T14:24:07.870023 #1]  INFO -- : worker=0 spawning...
I, [2023-04-12T14:24:07.878489 #1]  INFO -- : worker=1 spawning...
I, [2023-04-12T14:24:07.880617 #6]  INFO -- : worker=0 spawned pid=6
I, [2023-04-12T14:24:07.882239 #6]  INFO -- : Refreshing Gem list
I, [2023-04-12T14:24:07.882793 #1]  INFO -- : worker=2 spawning...
I, [2023-04-12T14:24:07.920621 #1]  INFO -- : worker=3 spawning...
I, [2023-04-12T14:24:07.938165 #9]  INFO -- : worker=3 spawned pid=9
I, [2023-04-12T14:24:07.939874 #1]  INFO -- : worker=4 spawning...
I, [2023-04-12T14:24:07.940604 #8]  INFO -- : worker=2 spawned pid=8
I, [2023-04-12T14:24:07.946756 #9]  INFO -- : Refreshing Gem list
I, [2023-04-12T14:24:07.947956 #8]  INFO -- : Refreshing Gem list
I, [2023-04-12T14:24:07.949026 #1]  INFO -- : worker=5 spawning...
I, [2023-04-12T14:24:07.977953 #1]  INFO -- : worker=6 spawning...
I, [2023-04-12T14:24:07.950085 #10]  INFO -- : worker=4 spawned pid=10
I, [2023-04-12T14:24:07.952163 #7]  INFO -- : worker=1 spawned pid=7
I, [2023-04-12T14:24:08.004204 #10]  INFO -- : Refreshing Gem list
I, [2023-04-12T14:24:07.978626 #11]  INFO -- : worker=5 spawned pid=11
I, [2023-04-12T14:24:08.004542 #7]  INFO -- : Refreshing Gem list
I, [2023-04-12T14:24:08.061301 #1]  INFO -- : worker=7 spawning...
I, [2023-04-12T14:24:08.062945 #12]  INFO -- : worker=6 spawned pid=12
I, [2023-04-12T14:24:08.064366 #11]  INFO -- : Refreshing Gem list
I, [2023-04-12T14:24:08.085633 #12]  INFO -- : Refreshing Gem list
I, [2023-04-12T14:24:08.161751 #1]  INFO -- : master process ready
I, [2023-04-12T14:24:08.163066 #13]  INFO -- : worker=7 spawned pid=13
I, [2023-04-12T14:24:08.438014 #13]  INFO -- : Refreshing Gem list
I, [2023-04-12T14:25:35.000194 #12]  INFO -- : worker=6 ready
I, [2023-04-12T14:25:35.005382 #7]  INFO -- : worker=1 ready
I, [2023-04-12T14:25:35.017218 #10]  INFO -- : worker=4 ready
I, [2023-04-12T14:25:35.026234 #9]  INFO -- : worker=3 ready
I, [2023-04-12T14:25:35.037430 #11]  INFO -- : worker=5 ready
I, [2023-04-12T14:25:35.049844 #13]  INFO -- : worker=7 ready
I, [2023-04-12T14:25:35.037970 #6]  INFO -- : worker=0 ready
I, [2023-04-12T14:25:35.053642 #8]  INFO -- : worker=2 ready
172.18.0.1 - - [12/Apr/2023:14:25:35 +0900] "GET / HTTP/1.1" 304 - 0.1009
I, [2023-04-12T14:27:51.676758 #1]  INFO -- : reaped #<Process::Status: pid 6 exit 0> worker=0
I, [2023-04-12T14:27:51.792215 #1]  INFO -- : reaped #<Process::Status: pid 8 exit 0> worker=2
I, [2023-04-12T14:27:51.899993 #1]  INFO -- : reaped #<Process::Status: pid 7 exit 0> worker=1
I, [2023-04-12T14:27:51.902065 #1]  INFO -- : reaped #<Process::Status: pid 9 exit 0> worker=3
I, [2023-04-12T14:27:51.903787 #1]  INFO -- : reaped #<Process::Status: pid 10 exit 0> worker=4
I, [2023-04-12T14:27:51.907115 #1]  INFO -- : reaped #<Process::Status: pid 11 exit 0> worker=5
I, [2023-04-12T14:27:51.908415 #1]  INFO -- : reaped #<Process::Status: pid 12 exit 0> worker=6
I, [2023-04-12T14:27:51.910111 #1]  INFO -- : reaped #<Process::Status: pid 13 exit 0> worker=7
I, [2023-04-12T14:27:51.921244 #1]  INFO -- : master complete
I, [2023-04-12T14:31:18.009658 #1]  INFO -- : listening on addr=/var/tmp/unicorn.sock fd=7
I, [2023-04-12T14:31:18.018407 #1]  INFO -- : listening on addr=0.0.0.0:3000 fd=8
I, [2023-04-12T14:31:18.020203 #1]  INFO -- : worker=0 spawning...
I, [2023-04-12T14:31:18.022117 #1]  INFO -- : worker=1 spawning...
I, [2023-04-12T14:31:18.022630 #7]  INFO -- : worker=0 spawned pid=7
I, [2023-04-12T14:31:18.025658 #7]  INFO -- : Refreshing Gem list
I, [2023-04-12T14:31:18.027303 #1]  INFO -- : worker=2 spawning...
I, [2023-04-12T14:31:18.028081 #8]  INFO -- : worker=1 spawned pid=8
I, [2023-04-12T14:31:18.059356 #8]  INFO -- : Refreshing Gem list
I, [2023-04-12T14:31:18.057367 #1]  INFO -- : worker=3 spawning...
I, [2023-04-12T14:31:18.058653 #9]  INFO -- : worker=2 spawned pid=9
I, [2023-04-12T14:31:18.087089 #9]  INFO -- : Refreshing Gem list
I, [2023-04-12T14:31:18.087832 #1]  INFO -- : worker=4 spawning...
I, [2023-04-12T14:31:18.090136 #10]  INFO -- : worker=3 spawned pid=10
I, [2023-04-12T14:31:18.094410 #1]  INFO -- : worker=5 spawning...
I, [2023-04-12T14:31:18.127151 #1]  INFO -- : worker=6 spawning...
I, [2023-04-12T14:31:18.131722 #12]  INFO -- : worker=5 spawned pid=12
I, [2023-04-12T14:31:18.095864 #11]  INFO -- : worker=4 spawned pid=11
I, [2023-04-12T14:31:18.158758 #11]  INFO -- : Refreshing Gem list
I, [2023-04-12T14:31:18.121345 #10]  INFO -- : Refreshing Gem list
I, [2023-04-12T14:31:18.133910 #1]  INFO -- : worker=7 spawning...
I, [2023-04-12T14:31:18.140194 #13]  INFO -- : worker=6 spawned pid=13
I, [2023-04-12T14:31:18.216799 #13]  INFO -- : Refreshing Gem list
I, [2023-04-12T14:31:18.149715 #12]  INFO -- : Refreshing Gem list
I, [2023-04-12T14:31:18.223230 #14]  INFO -- : worker=7 spawned pid=14
I, [2023-04-12T14:31:18.197581 #1]  INFO -- : master process ready
I, [2023-04-12T14:31:18.271644 #14]  INFO -- : Refreshing Gem list
I, [2023-04-12T14:32:00.578688 #14]  INFO -- : worker=7 ready
I, [2023-04-12T14:32:00.578831 #10]  INFO -- : worker=3 ready
I, [2023-04-12T14:32:00.579221 #7]  INFO -- : worker=0 ready
I, [2023-04-12T14:32:00.580946 #11]  INFO -- : worker=4 ready
I, [2023-04-12T14:32:00.581207 #12]  INFO -- : worker=5 ready
I, [2023-04-12T14:32:00.581605 #13]  INFO -- : worker=6 ready
I, [2023-04-12T14:32:00.597940 #8]  INFO -- : worker=1 ready
I, [2023-04-12T14:32:00.600903 #9]  INFO -- : worker=2 ready
172.19.0.1 - - [12/Apr/2023:14:32:00 +0900] "GET / HTTP/1.1" 304 - 0.0428
127.0.0.1 - - [12/Apr/2023:14:32:29 +0900] "GET / HTTP/1.0" 200 13 0.0154
127.0.0.1 - - [12/Apr/2023:14:32:29 +0900] "GET /404 HTTP/1.0" 404 1722 0.0158
127.0.0.1 - - [12/Apr/2023:14:32:31 +0900] "GET / HTTP/1.0" 304 - 0.0280
127.0.0.1 - - [12/Apr/2023:14:32:32 +0900] "GET / HTTP/1.0" 304 - 0.0386
I, [2023-04-12T14:33:45.510669 #1]  INFO -- : reaped #<Process::Status: pid 7 exit 0> worker=0
I, [2023-04-12T14:33:45.537305 #1]  INFO -- : reaped #<Process::Status: pid 8 exit 0> worker=1
I, [2023-04-12T14:33:45.540716 #1]  INFO -- : reaped #<Process::Status: pid 9 exit 0> worker=2
I, [2023-04-12T14:33:45.542680 #1]  INFO -- : reaped #<Process::Status: pid 11 exit 0> worker=4
I, [2023-04-12T14:33:45.546055 #1]  INFO -- : reaped #<Process::Status: pid 13 exit 0> worker=6
I, [2023-04-12T14:33:45.647765 #1]  INFO -- : reaped #<Process::Status: pid 10 exit 0> worker=3
I, [2023-04-12T14:33:45.649677 #1]  INFO -- : reaped #<Process::Status: pid 12 exit 0> worker=5
I, [2023-04-12T14:33:45.652096 #1]  INFO -- : reaped #<Process::Status: pid 14 exit 0> worker=7
I, [2023-04-12T14:33:45.656947 #1]  INFO -- : master complete
I, [2023-07-20T14:35:17.772603 #1]  INFO -- : listening on addr=/var/tmp/unicorn.sock fd=7
I, [2023-07-20T14:35:17.785264 #1]  INFO -- : listening on addr=0.0.0.0:3000 fd=8
I, [2023-07-20T14:35:17.789118 #1]  INFO -- : worker=0 spawning...
I, [2023-07-20T14:35:17.819311 #1]  INFO -- : worker=1 spawning...
I, [2023-07-20T14:35:17.820329 #7]  INFO -- : worker=0 spawned pid=7
I, [2023-07-20T14:35:17.825434 #7]  INFO -- : Refreshing Gem list
I, [2023-07-20T14:35:17.844366 #1]  INFO -- : worker=2 spawning...
I, [2023-07-20T14:35:17.863425 #1]  INFO -- : worker=3 spawning...
I, [2023-07-20T14:35:17.864855 #8]  INFO -- : worker=1 spawned pid=8
I, [2023-07-20T14:35:17.871712 #8]  INFO -- : Refreshing Gem list
I, [2023-07-20T14:35:17.877398 #1]  INFO -- : worker=4 spawning...
I, [2023-07-20T14:35:17.881951 #9]  INFO -- : worker=2 spawned pid=9
I, [2023-07-20T14:35:17.892246 #1]  INFO -- : worker=5 spawning...
I, [2023-07-20T14:35:17.895843 #9]  INFO -- : Refreshing Gem list
I, [2023-07-20T14:35:17.903301 #11]  INFO -- : worker=4 spawned pid=11
I, [2023-07-20T14:35:17.933952 #11]  INFO -- : Refreshing Gem list
I, [2023-07-20T14:35:17.928938 #10]  INFO -- : worker=3 spawned pid=10
I, [2023-07-20T14:35:17.934584 #1]  INFO -- : worker=6 spawning...
I, [2023-07-20T14:35:17.944218 #10]  INFO -- : Refreshing Gem list
I, [2023-07-20T14:35:17.971669 #12]  INFO -- : worker=5 spawned pid=12
I, [2023-07-20T14:35:17.990303 #12]  INFO -- : Refreshing Gem list
I, [2023-07-20T14:35:17.990807 #1]  INFO -- : worker=7 spawning...
I, [2023-07-20T14:35:18.016152 #13]  INFO -- : worker=6 spawned pid=13
I, [2023-07-20T14:35:18.134782 #13]  INFO -- : Refreshing Gem list
I, [2023-07-20T14:35:18.144245 #1]  INFO -- : master process ready
I, [2023-07-20T14:35:18.258956 #14]  INFO -- : worker=7 spawned pid=14
I, [2023-07-20T14:35:18.474282 #14]  INFO -- : Refreshing Gem list
I, [2023-07-20T14:36:07.750519 #1]  INFO -- : reaped #<Process::Status: pid 7 exit 0> worker=0
I, [2023-07-20T14:36:07.759580 #1]  INFO -- : reaped #<Process::Status: pid 8 exit 0> worker=1
I, [2023-07-20T14:36:07.761091 #1]  INFO -- : reaped #<Process::Status: pid 9 exit 0> worker=2
I, [2023-07-20T14:36:07.763348 #1]  INFO -- : reaped #<Process::Status: pid 10 exit 0> worker=3
I, [2023-07-20T14:36:07.766089 #1]  INFO -- : reaped #<Process::Status: pid 11 exit 0> worker=4
I, [2023-07-20T14:36:07.768464 #1]  INFO -- : reaped #<Process::Status: pid 12 exit 0> worker=5
I, [2023-07-20T14:36:07.771237 #1]  INFO -- : reaped #<Process::Status: pid 13 exit 0> worker=6
I, [2023-07-20T14:36:07.773080 #1]  INFO -- : reaped #<Process::Status: pid 14 exit 0> worker=7
I, [2023-07-20T14:36:07.775721 #1]  INFO -- : master complete
I, [2023-07-22T08:49:44.274344 #1]  INFO -- : listening on addr=/var/tmp/unicorn.sock fd=7
I, [2023-07-22T08:49:44.276065 #1]  INFO -- : listening on addr=0.0.0.0:3000 fd=8
I, [2023-07-22T08:49:44.276965 #1]  INFO -- : worker=0 spawning...
I, [2023-07-22T08:49:44.278941 #1]  INFO -- : worker=1 spawning...
I, [2023-07-22T08:49:44.279357 #7]  INFO -- : worker=0 spawned pid=7
I, [2023-07-22T08:49:44.281265 #7]  INFO -- : Refreshing Gem list
I, [2023-07-22T08:49:44.283041 #8]  INFO -- : worker=1 spawned pid=8
I, [2023-07-22T08:49:44.282655 #1]  INFO -- : worker=2 spawning...
I, [2023-07-22T08:49:44.284496 #8]  INFO -- : Refreshing Gem list
I, [2023-07-22T08:49:44.286837 #1]  INFO -- : worker=3 spawning...
I, [2023-07-22T08:49:44.289087 #1]  INFO -- : worker=4 spawning...
I, [2023-07-22T08:49:44.290220 #10]  INFO -- : worker=3 spawned pid=10
I, [2023-07-22T08:49:44.291390 #1]  INFO -- : worker=5 spawning...
I, [2023-07-22T08:49:44.289551 #9]  INFO -- : worker=2 spawned pid=9
I, [2023-07-22T08:49:44.291500 #10]  INFO -- : Refreshing Gem list
I, [2023-07-22T08:49:44.291721 #11]  INFO -- : worker=4 spawned pid=11
I, [2023-07-22T08:49:44.293905 #9]  INFO -- : Refreshing Gem list
I, [2023-07-22T08:49:44.293898 #1]  INFO -- : worker=6 spawning...
I, [2023-07-22T08:49:44.304319 #1]  INFO -- : worker=7 spawning...
I, [2023-07-22T08:49:44.294522 #12]  INFO -- : worker=5 spawned pid=12
I, [2023-07-22T08:49:44.296455 #11]  INFO -- : Refreshing Gem list
I, [2023-07-22T08:49:44.305026 #13]  INFO -- : worker=6 spawned pid=13
I, [2023-07-22T08:49:44.307537 #12]  INFO -- : Refreshing Gem list
I, [2023-07-22T08:49:44.310434 #13]  INFO -- : Refreshing Gem list
I, [2023-07-22T08:49:44.313721 #1]  INFO -- : master process ready
I, [2023-07-22T08:49:44.316598 #14]  INFO -- : worker=7 spawned pid=14
I, [2023-07-22T08:49:44.317834 #14]  INFO -- : Refreshing Gem list
I, [2023-07-22T08:50:09.571689 #11]  INFO -- : worker=4 ready
I, [2023-07-22T08:50:09.585134 #8]  INFO -- : worker=1 ready
I, [2023-07-22T08:50:09.592882 #13]  INFO -- : worker=6 ready
I, [2023-07-22T08:50:09.593593 #7]  INFO -- : worker=0 ready
I, [2023-07-22T08:50:09.601312 #10]  INFO -- : worker=3 ready
127.0.0.1 - - [22/Jul/2023:08:50:09 +0900] "GET /404 HTTP/1.0" 404 1722 0.0265
I, [2023-07-22T08:50:09.604867 #14]  INFO -- : worker=7 ready
I, [2023-07-22T08:50:09.615186 #9]  INFO -- : worker=2 ready
I, [2023-07-22T08:50:09.615987 #12]  INFO -- : worker=5 ready
127.0.0.1 - - [22/Jul/2023:08:50:09 +0900] "GET / HTTP/1.0" 200 13 0.0393
I, [2023-07-22T08:50:23.918937 #1]  INFO -- : reaped #<Process::Status: pid 7 exit 0> worker=0
I, [2023-07-22T08:50:23.924433 #1]  INFO -- : reaped #<Process::Status: pid 8 exit 0> worker=1
I, [2023-07-22T08:50:23.927343 #1]  INFO -- : reaped #<Process::Status: pid 9 exit 0> worker=2
I, [2023-07-22T08:50:23.930834 #1]  INFO -- : reaped #<Process::Status: pid 10 exit 0> worker=3
I, [2023-07-22T08:50:23.936045 #1]  INFO -- : reaped #<Process::Status: pid 11 exit 0> worker=4
I, [2023-07-22T08:50:23.938324 #1]  INFO -- : reaped #<Process::Status: pid 12 exit 0> worker=5
I, [2023-07-22T08:50:23.940528 #1]  INFO -- : reaped #<Process::Status: pid 13 exit 0> worker=6
I, [2023-07-22T08:50:23.942229 #1]  INFO -- : reaped #<Process::Status: pid 14 exit 0> worker=7
I, [2023-07-22T08:50:23.944435 #1]  INFO -- : master complete
I, [2023-07-22T17:30:08.740481 #1]  INFO -- : listening on addr=/var/tmp/unicorn.sock fd=7
I, [2023-07-22T17:30:08.746826 #1]  INFO -- : listening on addr=0.0.0.0:3000 fd=8
I, [2023-07-22T17:30:08.749978 #1]  INFO -- : worker=0 spawning...
I, [2023-07-22T17:30:08.754948 #1]  INFO -- : worker=1 spawning...
I, [2023-07-22T17:30:08.758955 #6]  INFO -- : worker=0 spawned pid=6
I, [2023-07-22T17:30:08.761825 #6]  INFO -- : Refreshing Gem list
I, [2023-07-22T17:30:08.765549 #1]  INFO -- : worker=2 spawning...
I, [2023-07-22T17:30:08.766762 #7]  INFO -- : worker=1 spawned pid=7
I, [2023-07-22T17:30:08.770681 #7]  INFO -- : Refreshing Gem list
I, [2023-07-22T17:30:08.774417 #1]  INFO -- : worker=3 spawning...
I, [2023-07-22T17:30:08.783396 #1]  INFO -- : worker=4 spawning...
I, [2023-07-22T17:30:08.783860 #8]  INFO -- : worker=2 spawned pid=8
I, [2023-07-22T17:30:08.787109 #8]  INFO -- : Refreshing Gem list
I, [2023-07-22T17:30:08.787331 #1]  INFO -- : worker=5 spawning...
I, [2023-07-22T17:30:08.801498 #1]  INFO -- : worker=6 spawning...
I, [2023-07-22T17:30:08.787643 #9]  INFO -- : worker=3 spawned pid=9
I, [2023-07-22T17:30:08.792505 #10]  INFO -- : worker=4 spawned pid=10
I, [2023-07-22T17:30:08.807682 #10]  INFO -- : Refreshing Gem list
I, [2023-07-22T17:30:08.804819 #11]  INFO -- : worker=5 spawned pid=11
I, [2023-07-22T17:30:08.823676 #11]  INFO -- : Refreshing Gem list
I, [2023-07-22T17:30:08.806026 #1]  INFO -- : worker=7 spawning...
I, [2023-07-22T17:30:08.806583 #9]  INFO -- : Refreshing Gem list
I, [2023-07-22T17:30:08.813274 #12]  INFO -- : worker=6 spawned pid=12
I, [2023-07-22T17:30:08.854691 #12]  INFO -- : Refreshing Gem list
I, [2023-07-22T17:30:08.839824 #1]  INFO -- : master process ready
I, [2023-07-22T17:30:08.842718 #13]  INFO -- : worker=7 spawned pid=13
I, [2023-07-22T17:30:08.942542 #13]  INFO -- : Refreshing Gem list
I, [2023-07-22T17:30:37.953433 #10]  INFO -- : worker=4 ready
I, [2023-07-22T17:30:37.963928 #11]  INFO -- : worker=5 ready
I, [2023-07-22T17:30:37.959962 #12]  INFO -- : worker=6 ready
I, [2023-07-22T17:30:37.968301 #8]  INFO -- : worker=2 ready
I, [2023-07-22T17:30:37.968860 #7]  INFO -- : worker=1 ready
I, [2023-07-22T17:30:37.972630 #9]  INFO -- : worker=3 ready
I, [2023-07-22T17:30:37.974891 #13]  INFO -- : worker=7 ready
I, [2023-07-22T17:30:37.976921 #6]  INFO -- : worker=0 ready
127.0.0.1 - - [22/Jul/2023:17:30:38 +0900] "GET / HTTP/1.0" 304 - 0.0603
I, [2023-07-22T20:15:42.498760 #1]  INFO -- : reaped #<Process::Status: pid 6 exit 0> worker=0
I, [2023-07-22T20:15:42.510014 #1]  INFO -- : reaped #<Process::Status: pid 7 exit 0> worker=1
I, [2023-07-22T20:15:42.511814 #1]  INFO -- : reaped #<Process::Status: pid 8 exit 0> worker=2
I, [2023-07-22T20:15:42.512804 #1]  INFO -- : reaped #<Process::Status: pid 9 exit 0> worker=3
I, [2023-07-22T20:15:42.513799 #1]  INFO -- : reaped #<Process::Status: pid 10 exit 0> worker=4
I, [2023-07-22T20:15:42.514732 #1]  INFO -- : reaped #<Process::Status: pid 11 exit 0> worker=5
I, [2023-07-22T20:15:42.516113 #1]  INFO -- : reaped #<Process::Status: pid 12 exit 0> worker=6
I, [2023-07-22T20:15:42.517519 #1]  INFO -- : reaped #<Process::Status: pid 13 exit 0> worker=7
I, [2023-07-22T20:15:42.522455 #1]  INFO -- : master complete
I, [2023-07-22T20:31:20.738160 #1]  INFO -- : listening on addr=/var/tmp/unicorn.sock fd=7
I, [2023-07-22T20:31:20.743132 #1]  INFO -- : listening on addr=0.0.0.0:3000 fd=8
I, [2023-07-22T20:31:20.745129 #1]  INFO -- : worker=0 spawning...
I, [2023-07-22T20:31:20.747648 #1]  INFO -- : worker=1 spawning...
I, [2023-07-22T20:31:20.748739 #7]  INFO -- : worker=0 spawned pid=7
I, [2023-07-22T20:31:20.752641 #8]  INFO -- : worker=1 spawned pid=8
I, [2023-07-22T20:31:20.750783 #1]  INFO -- : worker=2 spawning...
I, [2023-07-22T20:31:20.753181 #7]  INFO -- : Refreshing Gem list
I, [2023-07-22T20:31:20.758025 #1]  INFO -- : worker=3 spawning...
I, [2023-07-22T20:31:20.754109 #8]  INFO -- : Refreshing Gem list
I, [2023-07-22T20:31:20.761913 #9]  INFO -- : worker=2 spawned pid=9
I, [2023-07-22T20:31:20.764577 #9]  INFO -- : Refreshing Gem list
I, [2023-07-22T20:31:20.762511 #10]  INFO -- : worker=3 spawned pid=10
I, [2023-07-22T20:31:20.762234 #1]  INFO -- : worker=4 spawning...
I, [2023-07-22T20:31:20.769208 #10]  INFO -- : Refreshing Gem list
I, [2023-07-22T20:31:20.772286 #1]  INFO -- : worker=5 spawning...
I, [2023-07-22T20:31:20.775688 #1]  INFO -- : worker=6 spawning...
I, [2023-07-22T20:31:20.780523 #1]  INFO -- : worker=7 spawning...
I, [2023-07-22T20:31:20.781495 #12]  INFO -- : worker=5 spawned pid=12
I, [2023-07-22T20:31:20.785763 #12]  INFO -- : Refreshing Gem list
I, [2023-07-22T20:31:20.783908 #13]  INFO -- : worker=6 spawned pid=13
I, [2023-07-22T20:31:20.795102 #1]  INFO -- : master process ready
I, [2023-07-22T20:31:20.797656 #11]  INFO -- : worker=4 spawned pid=11
I, [2023-07-22T20:31:20.801706 #14]  INFO -- : worker=7 spawned pid=14
I, [2023-07-22T20:31:20.805232 #13]  INFO -- : Refreshing Gem list
I, [2023-07-22T20:31:20.827740 #11]  INFO -- : Refreshing Gem list
I, [2023-07-22T20:31:20.830710 #14]  INFO -- : Refreshing Gem list
I, [2023-07-22T20:32:23.405827 #10]  INFO -- : worker=3 ready
I, [2023-07-22T20:32:23.411309 #13]  INFO -- : worker=6 ready
I, [2023-07-22T20:32:23.427928 #7]  INFO -- : worker=0 ready
I, [2023-07-22T20:32:23.494745 #14]  INFO -- : worker=7 ready
I, [2023-07-22T20:32:23.498269 #9]  INFO -- : worker=2 ready
I, [2023-07-22T20:32:23.531430 #8]  INFO -- : worker=1 ready
I, [2023-07-22T20:32:23.534966 #12]  INFO -- : worker=5 ready
I, [2023-07-22T20:32:23.547333 #11]  INFO -- : worker=4 ready
I, [2023-07-22T20:39:27.537172 #1]  INFO -- : reaped #<Process::Status: pid 7 exit 0> worker=0
I, [2023-07-22T20:39:27.541414 #1]  INFO -- : reaped #<Process::Status: pid 8 exit 0> worker=1
I, [2023-07-22T20:39:27.542802 #1]  INFO -- : reaped #<Process::Status: pid 9 exit 0> worker=2
I, [2023-07-22T20:39:27.544274 #1]  INFO -- : reaped #<Process::Status: pid 10 exit 0> worker=3
I, [2023-07-22T20:39:27.545232 #1]  INFO -- : reaped #<Process::Status: pid 11 exit 0> worker=4
I, [2023-07-22T20:39:27.547061 #1]  INFO -- : reaped #<Process::Status: pid 12 exit 0> worker=5
I, [2023-07-22T20:39:27.548342 #1]  INFO -- : reaped #<Process::Status: pid 13 exit 0> worker=6
I, [2023-07-22T20:39:27.549989 #1]  INFO -- : reaped #<Process::Status: pid 14 exit 0> worker=7
I, [2023-07-22T20:39:27.552216 #1]  INFO -- : master complete
I, [2023-07-22T20:39:38.177643 #1]  INFO -- : listening on addr=/var/tmp/unicorn.sock fd=7
I, [2023-07-22T20:39:38.179342 #1]  INFO -- : listening on addr=0.0.0.0:3000 fd=8
I, [2023-07-22T20:39:38.180661 #1]  INFO -- : worker=0 spawning...
I, [2023-07-22T20:39:38.182927 #1]  INFO -- : worker=1 spawning...
I, [2023-07-22T20:39:38.183377 #7]  INFO -- : worker=0 spawned pid=7
I, [2023-07-22T20:39:38.185358 #1]  INFO -- : worker=2 spawning...
I, [2023-07-22T20:39:38.185479 #7]  INFO -- : Refreshing Gem list
I, [2023-07-22T20:39:38.185844 #8]  INFO -- : worker=1 spawned pid=8
I, [2023-07-22T20:39:38.188652 #8]  INFO -- : Refreshing Gem list
I, [2023-07-22T20:39:38.187292 #1]  INFO -- : worker=3 spawning...
I, [2023-07-22T20:39:38.189058 #9]  INFO -- : worker=2 spawned pid=9
I, [2023-07-22T20:39:38.193763 #10]  INFO -- : worker=3 spawned pid=10
I, [2023-07-22T20:39:38.194249 #1]  INFO -- : worker=4 spawning...
I, [2023-07-22T20:39:38.194713 #9]  INFO -- : Refreshing Gem list
I, [2023-07-22T20:39:38.195641 #10]  INFO -- : Refreshing Gem list
I, [2023-07-22T20:39:38.197986 #1]  INFO -- : worker=5 spawning...
I, [2023-07-22T20:39:38.200020 #11]  INFO -- : worker=4 spawned pid=11
I, [2023-07-22T20:39:38.201546 #11]  INFO -- : Refreshing Gem list
I, [2023-07-22T20:39:38.202831 #1]  INFO -- : worker=6 spawning...
I, [2023-07-22T20:39:38.207839 #12]  INFO -- : worker=5 spawned pid=12
I, [2023-07-22T20:39:38.208022 #1]  INFO -- : worker=7 spawning...
I, [2023-07-22T20:39:38.210233 #12]  INFO -- : Refreshing Gem list
I, [2023-07-22T20:39:38.211570 #13]  INFO -- : worker=6 spawned pid=13
I, [2023-07-22T20:39:38.234926 #13]  INFO -- : Refreshing Gem list
I, [2023-07-22T20:39:38.228799 #1]  INFO -- : master process ready
I, [2023-07-22T20:39:38.237584 #14]  INFO -- : worker=7 spawned pid=14
I, [2023-07-22T20:39:38.242398 #14]  INFO -- : Refreshing Gem list
I, [2023-07-22T20:39:50.761907 #8]  INFO -- : worker=1 ready
I, [2023-07-22T20:39:50.769923 #14]  INFO -- : worker=7 ready
I, [2023-07-22T20:39:50.772877 #11]  INFO -- : worker=4 ready
I, [2023-07-22T20:39:50.774165 #9]  INFO -- : worker=2 ready
I, [2023-07-22T20:39:50.793673 #12]  INFO -- : worker=5 ready
I, [2023-07-22T20:39:50.796169 #10]  INFO -- : worker=3 ready
I, [2023-07-22T20:39:50.797147 #7]  INFO -- : worker=0 ready
I, [2023-07-22T20:39:50.798619 #13]  INFO -- : worker=6 ready
I, [2023-07-22T20:39:52.144373 #1]  INFO -- : reaped #<Process::Status: pid 7 exit 0> worker=0
I, [2023-07-22T20:39:52.147647 #1]  INFO -- : reaped #<Process::Status: pid 8 exit 0> worker=1
I, [2023-07-22T20:39:52.152320 #1]  INFO -- : reaped #<Process::Status: pid 9 exit 0> worker=2
I, [2023-07-22T20:39:52.157660 #1]  INFO -- : reaped #<Process::Status: pid 10 exit 0> worker=3
I, [2023-07-22T20:39:52.159881 #1]  INFO -- : reaped #<Process::Status: pid 11 exit 0> worker=4
I, [2023-07-22T20:39:52.161960 #1]  INFO -- : reaped #<Process::Status: pid 12 exit 0> worker=5
I, [2023-07-22T20:39:52.163470 #1]  INFO -- : reaped #<Process::Status: pid 13 exit 0> worker=6
I, [2023-07-22T20:39:52.165097 #1]  INFO -- : reaped #<Process::Status: pid 14 exit 0> worker=7
I, [2023-07-22T20:39:52.167070 #1]  INFO -- : master complete
I, [2023-07-22T21:53:02.476497 #1]  INFO -- : listening on addr=/var/tmp/unicorn.sock fd=7
I, [2023-07-22T21:53:02.478365 #1]  INFO -- : listening on addr=0.0.0.0:3000 fd=8
I, [2023-07-22T21:53:02.479389 #1]  INFO -- : worker=0 spawning...
I, [2023-07-22T21:53:02.481221 #1]  INFO -- : worker=1 spawning...
I, [2023-07-22T21:53:02.482116 #7]  INFO -- : worker=0 spawned pid=7
I, [2023-07-22T21:53:02.483321 #1]  INFO -- : worker=2 spawning...
I, [2023-07-22T21:53:02.483826 #8]  INFO -- : worker=1 spawned pid=8
I, [2023-07-22T21:53:02.484396 #7]  INFO -- : Refreshing Gem list
I, [2023-07-22T21:53:02.486211 #1]  INFO -- : worker=3 spawning...
I, [2023-07-22T21:53:02.486642 #9]  INFO -- : worker=2 spawned pid=9
I, [2023-07-22T21:53:02.486727 #8]  INFO -- : Refreshing Gem list
I, [2023-07-22T21:53:02.489914 #1]  INFO -- : worker=4 spawning...
I, [2023-07-22T21:53:02.489296 #9]  INFO -- : Refreshing Gem list
I, [2023-07-22T21:53:02.490745 #10]  INFO -- : worker=3 spawned pid=10
I, [2023-07-22T21:53:02.494203 #10]  INFO -- : Refreshing Gem list
I, [2023-07-22T21:53:02.494063 #1]  INFO -- : worker=5 spawning...
I, [2023-07-22T21:53:02.495303 #11]  INFO -- : worker=4 spawned pid=11
I, [2023-07-22T21:53:02.498398 #11]  INFO -- : Refreshing Gem list
I, [2023-07-22T21:53:02.500555 #1]  INFO -- : worker=6 spawning...
I, [2023-07-22T21:53:02.506234 #1]  INFO -- : worker=7 spawning...
I, [2023-07-22T21:53:02.501660 #12]  INFO -- : worker=5 spawned pid=12
I, [2023-07-22T21:53:02.507565 #13]  INFO -- : worker=6 spawned pid=13
I, [2023-07-22T21:53:02.509115 #1]  INFO -- : master process ready
I, [2023-07-22T21:53:02.509634 #14]  INFO -- : worker=7 spawned pid=14
I, [2023-07-22T21:53:02.518942 #14]  INFO -- : Refreshing Gem list
I, [2023-07-22T21:53:02.510695 #12]  INFO -- : Refreshing Gem list
I, [2023-07-22T21:53:02.517270 #13]  INFO -- : Refreshing Gem list
I, [2023-07-22T21:53:39.947187 #9]  INFO -- : worker=2 ready
I, [2023-07-22T21:53:39.953081 #12]  INFO -- : worker=5 ready
I, [2023-07-22T21:53:39.963090 #10]  INFO -- : worker=3 ready
I, [2023-07-22T21:53:39.963864 #11]  INFO -- : worker=4 ready
I, [2023-07-22T21:53:39.990813 #13]  INFO -- : worker=6 ready
I, [2023-07-22T21:53:40.002830 #8]  INFO -- : worker=1 ready
I, [2023-07-22T21:53:40.011521 #14]  INFO -- : worker=7 ready
I, [2023-07-22T21:53:40.017494 #7]  INFO -- : worker=0 ready
127.0.0.1 - - [22/Jul/2023:21:53:40 +0900] "GET / HTTP/1.0" 304 - 0.0554
I, [2023-07-22T21:54:02.888139 #1]  INFO -- : reaped #<Process::Status: pid 7 exit 0> worker=0
I, [2023-07-22T21:54:02.893381 #1]  INFO -- : reaped #<Process::Status: pid 8 exit 0> worker=1
I, [2023-07-22T21:54:02.896365 #1]  INFO -- : reaped #<Process::Status: pid 9 exit 0> worker=2
I, [2023-07-22T21:54:02.898336 #1]  INFO -- : reaped #<Process::Status: pid 10 exit 0> worker=3
I, [2023-07-22T21:54:02.899915 #1]  INFO -- : reaped #<Process::Status: pid 11 exit 0> worker=4
I, [2023-07-22T21:54:02.902290 #1]  INFO -- : reaped #<Process::Status: pid 12 exit 0> worker=5
I, [2023-07-22T21:54:02.904357 #1]  INFO -- : reaped #<Process::Status: pid 13 exit 0> worker=6
I, [2023-07-22T21:54:02.906474 #1]  INFO -- : reaped #<Process::Status: pid 14 exit 0> worker=7
I, [2023-07-22T21:54:02.912632 #1]  INFO -- : master complete
I, [2023-07-23T09:35:02.719918 #1]  INFO -- : listening on addr=/var/tmp/unicorn.sock fd=7
I, [2023-07-23T09:35:02.723384 #1]  INFO -- : listening on addr=0.0.0.0:3000 fd=8
I, [2023-07-23T09:35:02.724443 #1]  INFO -- : worker=0 spawning...
I, [2023-07-23T09:35:02.727044 #1]  INFO -- : worker=1 spawning...
I, [2023-07-23T09:35:02.728701 #7]  INFO -- : worker=0 spawned pid=7
I, [2023-07-23T09:35:02.730152 #7]  INFO -- : Refreshing Gem list
I, [2023-07-23T09:35:02.731612 #1]  INFO -- : worker=2 spawning...
I, [2023-07-23T09:35:02.735808 #1]  INFO -- : worker=3 spawning...
I, [2023-07-23T09:35:02.734677 #8]  INFO -- : worker=1 spawned pid=8
I, [2023-07-23T09:35:02.738981 #8]  INFO -- : Refreshing Gem list
I, [2023-07-23T09:35:02.736562 #9]  INFO -- : worker=2 spawned pid=9
I, [2023-07-23T09:35:02.740674 #1]  INFO -- : worker=4 spawning...
I, [2023-07-23T09:35:02.745569 #10]  INFO -- : worker=3 spawned pid=10
I, [2023-07-23T09:35:02.745795 #9]  INFO -- : Refreshing Gem list
I, [2023-07-23T09:35:02.751478 #10]  INFO -- : Refreshing Gem list
I, [2023-07-23T09:35:02.752512 #1]  INFO -- : worker=5 spawning...
I, [2023-07-23T09:35:02.768400 #11]  INFO -- : worker=4 spawned pid=11
I, [2023-07-23T09:35:02.771027 #1]  INFO -- : worker=6 spawning...
I, [2023-07-23T09:35:02.795163 #1]  INFO -- : worker=7 spawning...
I, [2023-07-23T09:35:02.772883 #12]  INFO -- : worker=5 spawned pid=12
I, [2023-07-23T09:35:02.817743 #12]  INFO -- : Refreshing Gem list
I, [2023-07-23T09:35:02.792686 #11]  INFO -- : Refreshing Gem list
I, [2023-07-23T09:35:02.800766 #13]  INFO -- : worker=6 spawned pid=13
I, [2023-07-23T09:35:02.827126 #1]  INFO -- : master process ready
I, [2023-07-23T09:35:02.831086 #14]  INFO -- : worker=7 spawned pid=14
I, [2023-07-23T09:35:02.908444 #14]  INFO -- : Refreshing Gem list
I, [2023-07-23T09:35:02.896584 #13]  INFO -- : Refreshing Gem list
I, [2023-07-23T09:35:20.515901 #14]  INFO -- : worker=7 ready
I, [2023-07-23T09:35:20.517372 #7]  INFO -- : worker=0 ready
I, [2023-07-23T09:35:20.520617 #13]  INFO -- : worker=6 ready
I, [2023-07-23T09:35:20.519427 #12]  INFO -- : worker=5 ready
I, [2023-07-23T09:35:20.519525 #8]  INFO -- : worker=1 ready
I, [2023-07-23T09:35:20.532292 #9]  INFO -- : worker=2 ready
I, [2023-07-23T09:35:20.540255 #10]  INFO -- : worker=3 ready
I, [2023-07-23T09:35:20.541613 #11]  INFO -- : worker=4 ready
I, [2023-07-23T09:36:06.834853 #1]  INFO -- : reaped #<Process::Status: pid 7 exit 0> worker=0
I, [2023-07-23T09:36:06.839513 #1]  INFO -- : reaped #<Process::Status: pid 8 exit 0> worker=1
I, [2023-07-23T09:36:06.841976 #1]  INFO -- : reaped #<Process::Status: pid 9 exit 0> worker=2
I, [2023-07-23T09:36:06.844050 #1]  INFO -- : reaped #<Process::Status: pid 10 exit 0> worker=3
I, [2023-07-23T09:36:06.846216 #1]  INFO -- : reaped #<Process::Status: pid 11 exit 0> worker=4
I, [2023-07-23T09:36:06.847873 #1]  INFO -- : reaped #<Process::Status: pid 12 exit 0> worker=5
I, [2023-07-23T09:36:06.849377 #1]  INFO -- : reaped #<Process::Status: pid 13 exit 0> worker=6
I, [2023-07-23T09:36:06.852067 #1]  INFO -- : reaped #<Process::Status: pid 14 exit 0> worker=7
I, [2023-07-23T09:36:06.854687 #1]  INFO -- : master complete
I, [2023-07-23T09:36:13.679807 #1]  INFO -- : unlinking existing socket=/var/tmp/unicorn.sock
I, [2023-07-23T09:36:13.680946 #1]  INFO -- : listening on addr=/var/tmp/unicorn.sock fd=7
I, [2023-07-23T09:36:13.681932 #1]  INFO -- : listening on addr=0.0.0.0:3000 fd=8
I, [2023-07-23T09:36:13.682778 #1]  INFO -- : worker=0 spawning...
I, [2023-07-23T09:36:13.684717 #1]  INFO -- : worker=1 spawning...
I, [2023-07-23T09:36:13.685467 #7]  INFO -- : worker=0 spawned pid=7
I, [2023-07-23T09:36:13.686582 #1]  INFO -- : worker=2 spawning...
I, [2023-07-23T09:36:13.686558 #7]  INFO -- : Refreshing Gem list
I, [2023-07-23T09:36:13.687561 #8]  INFO -- : worker=1 spawned pid=8
I, [2023-07-23T09:36:13.689100 #1]  INFO -- : worker=3 spawning...
I, [2023-07-23T09:36:13.689472 #9]  INFO -- : worker=2 spawned pid=9
I, [2023-07-23T09:36:13.692084 #9]  INFO -- : Refreshing Gem list
I, [2023-07-23T09:36:13.690313 #8]  INFO -- : Refreshing Gem list
I, [2023-07-23T09:36:13.693894 #10]  INFO -- : worker=3 spawned pid=10
I, [2023-07-23T09:36:13.694084 #1]  INFO -- : worker=4 spawning...
I, [2023-07-23T09:36:13.696019 #10]  INFO -- : Refreshing Gem list
I, [2023-07-23T09:36:13.701263 #1]  INFO -- : worker=5 spawning...
I, [2023-07-23T09:36:13.702188 #11]  INFO -- : worker=4 spawned pid=11
I, [2023-07-23T09:36:13.707735 #11]  INFO -- : Refreshing Gem list
I, [2023-07-23T09:36:13.708239 #1]  INFO -- : worker=6 spawning...
I, [2023-07-23T09:36:13.708908 #12]  INFO -- : worker=5 spawned pid=12
I, [2023-07-23T09:36:13.728775 #1]  INFO -- : worker=7 spawning...
I, [2023-07-23T09:36:13.752825 #1]  INFO -- : master process ready
I, [2023-07-23T09:36:13.730469 #12]  INFO -- : Refreshing Gem list
I, [2023-07-23T09:36:13.730664 #13]  INFO -- : worker=6 spawned pid=13
I, [2023-07-23T09:36:13.755446 #14]  INFO -- : worker=7 spawned pid=14
I, [2023-07-23T09:36:13.796833 #14]  INFO -- : Refreshing Gem list
I, [2023-07-23T09:36:13.762542 #13]  INFO -- : Refreshing Gem list
I, [2023-07-23T09:36:26.035362 #12]  INFO -- : worker=5 ready
I, [2023-07-23T09:36:26.035350 #7]  INFO -- : worker=0 ready
I, [2023-07-23T09:36:26.037237 #13]  INFO -- : worker=6 ready
I, [2023-07-23T09:36:26.039577 #14]  INFO -- : worker=7 ready
I, [2023-07-23T09:36:26.039974 #9]  INFO -- : worker=2 ready
I, [2023-07-23T09:36:26.041386 #8]  INFO -- : worker=1 ready
I, [2023-07-23T09:36:26.042256 #10]  INFO -- : worker=3 ready
I, [2023-07-23T09:36:26.043253 #11]  INFO -- : worker=4 ready
127.0.0.1 - - [23/Jul/2023:10:04:51 +0900] "GET / HTTP/1.0" 304 - 0.0837
127.0.0.1 - - [23/Jul/2023:10:04:56 +0900] "GET / HTTP/1.0" 304 - 0.0114
I, [2023-07-23T10:31:18.609929 #1]  INFO -- : reaped #<Process::Status: pid 7 exit 0> worker=0
I, [2023-07-23T10:31:18.616071 #1]  INFO -- : reaped #<Process::Status: pid 8 exit 0> worker=1
I, [2023-07-23T10:31:18.618559 #1]  INFO -- : reaped #<Process::Status: pid 9 exit 0> worker=2
I, [2023-07-23T10:31:18.621365 #1]  INFO -- : reaped #<Process::Status: pid 10 exit 0> worker=3
I, [2023-07-23T10:31:18.623235 #1]  INFO -- : reaped #<Process::Status: pid 11 exit 0> worker=4
I, [2023-07-23T10:31:18.625527 #1]  INFO -- : reaped #<Process::Status: pid 12 exit 0> worker=5
I, [2023-07-23T10:31:18.627562 #1]  INFO -- : reaped #<Process::Status: pid 13 exit 0> worker=6
I, [2023-07-23T10:31:18.629111 #1]  INFO -- : reaped #<Process::Status: pid 14 exit 0> worker=7
I, [2023-07-23T10:31:18.631134 #1]  INFO -- : master complete
I, [2023-07-23T10:31:29.462817 #1]  INFO -- : listening on addr=/var/tmp/unicorn.sock fd=7
I, [2023-07-23T10:31:29.465554 #1]  INFO -- : listening on addr=0.0.0.0:3000 fd=8
I, [2023-07-23T10:31:29.466543 #1]  INFO -- : worker=0 spawning...
I, [2023-07-23T10:31:29.468623 #1]  INFO -- : worker=1 spawning...
I, [2023-07-23T10:31:29.469294 #7]  INFO -- : worker=0 spawned pid=7
I, [2023-07-23T10:31:29.470381 #1]  INFO -- : worker=2 spawning...
I, [2023-07-23T10:31:29.470499 #7]  INFO -- : Refreshing Gem list
I, [2023-07-23T10:31:29.471424 #8]  INFO -- : worker=1 spawned pid=8
I, [2023-07-23T10:31:29.472258 #1]  INFO -- : worker=3 spawning...
I, [2023-07-23T10:31:29.473798 #8]  INFO -- : Refreshing Gem list
I, [2023-07-23T10:31:29.474657 #9]  INFO -- : worker=2 spawned pid=9
I, [2023-07-23T10:31:29.476287 #9]  INFO -- : Refreshing Gem list
I, [2023-07-23T10:31:29.475254 #1]  INFO -- : worker=4 spawning...
I, [2023-07-23T10:31:29.478733 #1]  INFO -- : worker=5 spawning...
I, [2023-07-23T10:31:29.481789 #1]  INFO -- : worker=6 spawning...
I, [2023-07-23T10:31:29.482248 #10]  INFO -- : worker=3 spawned pid=10
I, [2023-07-23T10:31:29.485246 #12]  INFO -- : worker=5 spawned pid=12
I, [2023-07-23T10:31:29.486781 #10]  INFO -- : Refreshing Gem list
I, [2023-07-23T10:31:29.486946 #13]  INFO -- : worker=6 spawned pid=13
I, [2023-07-23T10:31:29.487339 #1]  INFO -- : worker=7 spawning...
I, [2023-07-23T10:31:29.487626 #11]  INFO -- : worker=4 spawned pid=11
I, [2023-07-23T10:31:29.494043 #11]  INFO -- : Refreshing Gem list
I, [2023-07-23T10:31:29.488227 #12]  INFO -- : Refreshing Gem list
I, [2023-07-23T10:31:29.492576 #13]  INFO -- : Refreshing Gem list
I, [2023-07-23T10:31:29.494312 #1]  INFO -- : master process ready
I, [2023-07-23T10:31:29.495012 #14]  INFO -- : worker=7 spawned pid=14
I, [2023-07-23T10:31:29.505506 #14]  INFO -- : Refreshing Gem list
I, [2023-07-23T10:31:42.651753 #7]  INFO -- : worker=0 ready
I, [2023-07-23T10:31:42.654775 #8]  INFO -- : worker=1 ready
I, [2023-07-23T10:31:42.668143 #11]  INFO -- : worker=4 ready
I, [2023-07-23T10:31:42.671578 #12]  INFO -- : worker=5 ready
I, [2023-07-23T10:31:42.681531 #10]  INFO -- : worker=3 ready
I, [2023-07-23T10:31:42.695269 #14]  INFO -- : worker=7 ready
I, [2023-07-23T10:31:42.696060 #9]  INFO -- : worker=2 ready
I, [2023-07-23T10:31:42.707225 #13]  INFO -- : worker=6 ready
127.0.0.1 - - [23/Jul/2023:10:31:42 +0900] "GET / HTTP/1.0" 304 - 0.0537
I, [2023-07-23T10:31:58.404578 #1]  INFO -- : reaped #<Process::Status: pid 7 exit 0> worker=0
I, [2023-07-23T10:31:58.411096 #1]  INFO -- : reaped #<Process::Status: pid 8 exit 0> worker=1
I, [2023-07-23T10:31:58.413714 #1]  INFO -- : reaped #<Process::Status: pid 9 exit 0> worker=2
I, [2023-07-23T10:31:58.415968 #1]  INFO -- : reaped #<Process::Status: pid 10 exit 0> worker=3
I, [2023-07-23T10:31:58.418013 #1]  INFO -- : reaped #<Process::Status: pid 11 exit 0> worker=4
I, [2023-07-23T10:31:58.419832 #1]  INFO -- : reaped #<Process::Status: pid 12 exit 0> worker=5
I, [2023-07-23T10:31:58.421612 #1]  INFO -- : reaped #<Process::Status: pid 13 exit 0> worker=6
I, [2023-07-23T10:31:58.423551 #1]  INFO -- : reaped #<Process::Status: pid 14 exit 0> worker=7
I, [2023-07-23T10:31:58.424971 #1]  INFO -- : master complete
I, [2023-07-23T10:34:59.478042 #1]  INFO -- : listening on addr=/var/tmp/unicorn.sock fd=7
I, [2023-07-23T10:34:59.483653 #1]  INFO -- : listening on addr=0.0.0.0:3000 fd=8
I, [2023-07-23T10:34:59.486024 #1]  INFO -- : worker=0 spawning...
I, [2023-07-23T10:34:59.501368 #1]  INFO -- : worker=1 spawning...
I, [2023-07-23T10:34:59.506325 #1]  INFO -- : worker=2 spawning...
I, [2023-07-23T10:34:59.506012 #6]  INFO -- : worker=0 spawned pid=6
I, [2023-07-23T10:34:59.512189 #6]  INFO -- : Refreshing Gem list
I, [2023-07-23T10:34:59.512419 #1]  INFO -- : worker=3 spawning...
I, [2023-07-23T10:34:59.524857 #1]  INFO -- : worker=4 spawning...
I, [2023-07-23T10:34:59.513008 #7]  INFO -- : worker=1 spawned pid=7
I, [2023-07-23T10:34:59.537189 #7]  INFO -- : Refreshing Gem list
I, [2023-07-23T10:34:59.515894 #8]  INFO -- : worker=2 spawned pid=8
I, [2023-07-23T10:34:59.531412 #9]  INFO -- : worker=3 spawned pid=9
I, [2023-07-23T10:34:59.550081 #8]  INFO -- : Refreshing Gem list
I, [2023-07-23T10:34:59.535032 #1]  INFO -- : worker=5 spawning...
I, [2023-07-23T10:34:59.540335 #10]  INFO -- : worker=4 spawned pid=10
I, [2023-07-23T10:34:59.565369 #10]  INFO -- : Refreshing Gem list
I, [2023-07-23T10:34:59.550708 #9]  INFO -- : Refreshing Gem list
I, [2023-07-23T10:34:59.638371 #1]  INFO -- : worker=6 spawning...
I, [2023-07-23T10:34:59.648513 #11]  INFO -- : worker=5 spawned pid=11
I, [2023-07-23T10:34:59.663477 #1]  INFO -- : worker=7 spawning...
I, [2023-07-23T10:34:59.668392 #12]  INFO -- : worker=6 spawned pid=12
I, [2023-07-23T10:34:59.693411 #11]  INFO -- : Refreshing Gem list
I, [2023-07-23T10:34:59.836654 #12]  INFO -- : Refreshing Gem list
I, [2023-07-23T10:34:59.849516 #1]  INFO -- : master process ready
I, [2023-07-23T10:34:59.859061 #13]  INFO -- : worker=7 spawned pid=13
I, [2023-07-23T10:34:59.960671 #13]  INFO -- : Refreshing Gem list
I, [2023-07-23T10:35:28.131681 #7]  INFO -- : worker=1 ready
I, [2023-07-23T10:35:28.126251 #8]  INFO -- : worker=2 ready
I, [2023-07-23T10:35:28.119864 #11]  INFO -- : worker=5 ready
I, [2023-07-23T10:35:28.147787 #10]  INFO -- : worker=4 ready
I, [2023-07-23T10:35:28.150783 #9]  INFO -- : worker=3 ready
I, [2023-07-23T10:35:28.164647 #13]  INFO -- : worker=7 ready
I, [2023-07-23T10:35:28.174949 #6]  INFO -- : worker=0 ready
I, [2023-07-23T10:35:28.176529 #12]  INFO -- : worker=6 ready
127.0.0.1 - - [23/Jul/2023:10:35:28 +0900] "GET / HTTP/1.0" 200 13 0.0564
I, [2023-07-23T10:35:41.981618 #1]  INFO -- : reaped #<Process::Status: pid 6 exit 0> worker=0
I, [2023-07-23T10:35:41.984735 #1]  INFO -- : reaped #<Process::Status: pid 7 exit 0> worker=1
I, [2023-07-23T10:35:41.986657 #1]  INFO -- : reaped #<Process::Status: pid 8 exit 0> worker=2
I, [2023-07-23T10:35:41.987801 #1]  INFO -- : reaped #<Process::Status: pid 9 exit 0> worker=3
I, [2023-07-23T10:35:41.989257 #1]  INFO -- : reaped #<Process::Status: pid 10 exit 0> worker=4
I, [2023-07-23T10:35:41.990554 #1]  INFO -- : reaped #<Process::Status: pid 11 exit 0> worker=5
I, [2023-07-23T10:35:41.992090 #1]  INFO -- : reaped #<Process::Status: pid 12 exit 0> worker=6
I, [2023-07-23T10:35:41.993876 #1]  INFO -- : reaped #<Process::Status: pid 13 exit 0> worker=7
I, [2023-07-23T10:35:41.996408 #1]  INFO -- : master complete
I, [2023-07-23T10:46:47.769494 #1]  INFO -- : listening on addr=/var/tmp/unicorn.sock fd=7
I, [2023-07-23T10:46:47.772348 #1]  INFO -- : listening on addr=0.0.0.0:3000 fd=8
I, [2023-07-23T10:46:47.773258 #1]  INFO -- : worker=0 spawning...
I, [2023-07-23T10:46:47.775334 #1]  INFO -- : worker=1 spawning...
I, [2023-07-23T10:46:47.775859 #7]  INFO -- : worker=0 spawned pid=7
I, [2023-07-23T10:46:47.777527 #1]  INFO -- : worker=2 spawning...
I, [2023-07-23T10:46:47.777716 #8]  INFO -- : worker=1 spawned pid=8
I, [2023-07-23T10:46:47.778547 #7]  INFO -- : Refreshing Gem list
I, [2023-07-23T10:46:47.780340 #8]  INFO -- : Refreshing Gem list
I, [2023-07-23T10:46:47.780674 #1]  INFO -- : worker=3 spawning...
I, [2023-07-23T10:46:47.780970 #9]  INFO -- : worker=2 spawned pid=9
I, [2023-07-23T10:46:47.784530 #1]  INFO -- : worker=4 spawning...
I, [2023-07-23T10:46:47.787711 #1]  INFO -- : worker=5 spawning...
I, [2023-07-23T10:46:47.793285 #1]  INFO -- : worker=6 spawning...
I, [2023-07-23T10:46:47.795772 #12]  INFO -- : worker=5 spawned pid=12
I, [2023-07-23T10:46:47.784907 #9]  INFO -- : Refreshing Gem list
I, [2023-07-23T10:46:47.785121 #10]  INFO -- : worker=3 spawned pid=10
I, [2023-07-23T10:46:47.799717 #10]  INFO -- : Refreshing Gem list
I, [2023-07-23T10:46:47.789489 #11]  INFO -- : worker=4 spawned pid=11
I, [2023-07-23T10:46:47.803747 #11]  INFO -- : Refreshing Gem list
I, [2023-07-23T10:46:47.796372 #1]  INFO -- : worker=7 spawning...
I, [2023-07-23T10:46:47.797200 #13]  INFO -- : worker=6 spawned pid=13
I, [2023-07-23T10:46:47.821191 #13]  INFO -- : Refreshing Gem list
I, [2023-07-23T10:46:47.798263 #12]  INFO -- : Refreshing Gem list
I, [2023-07-23T10:46:47.822943 #1]  INFO -- : master process ready
I, [2023-07-23T10:46:47.824306 #14]  INFO -- : worker=7 spawned pid=14
I, [2023-07-23T10:46:47.842406 #14]  INFO -- : Refreshing Gem list
I, [2023-07-23T10:47:01.151553 #13]  INFO -- : worker=6 ready
I, [2023-07-23T10:47:01.152340 #10]  INFO -- : worker=3 ready
I, [2023-07-23T10:47:01.162044 #12]  INFO -- : worker=5 ready
I, [2023-07-23T10:47:01.163959 #11]  INFO -- : worker=4 ready
I, [2023-07-23T10:47:01.167641 #14]  INFO -- : worker=7 ready
I, [2023-07-23T10:47:01.166159 #7]  INFO -- : worker=0 ready
I, [2023-07-23T10:47:01.170984 #8]  INFO -- : worker=1 ready
I, [2023-07-23T10:47:01.171567 #9]  INFO -- : worker=2 ready
I, [2023-07-23T10:47:31.895681 #1]  INFO -- : reaped #<Process::Status: pid 7 exit 0> worker=0
I, [2023-07-23T10:47:31.898244 #1]  INFO -- : reaped #<Process::Status: pid 8 exit 0> worker=1
I, [2023-07-23T10:47:31.899960 #1]  INFO -- : reaped #<Process::Status: pid 9 exit 0> worker=2
I, [2023-07-23T10:47:31.901659 #1]  INFO -- : reaped #<Process::Status: pid 10 exit 0> worker=3
I, [2023-07-23T10:47:31.903765 #1]  INFO -- : reaped #<Process::Status: pid 11 exit 0> worker=4
I, [2023-07-23T10:47:31.905629 #1]  INFO -- : reaped #<Process::Status: pid 12 exit 0> worker=5
I, [2023-07-23T10:47:31.906615 #1]  INFO -- : reaped #<Process::Status: pid 13 exit 0> worker=6
I, [2023-07-23T10:47:31.907739 #1]  INFO -- : reaped #<Process::Status: pid 14 exit 0> worker=7
I, [2023-07-23T10:47:31.909061 #1]  INFO -- : master complete
